198.72.141.45 - - [28/Dec/2012:06:56:20 +0000] "GET / HTTP/1.1" 302 311 "-" "Mozilla/5.0 (Windows NT 6.1; WOW64) AppleWebKit/537.11 (KHTML, like Gecko) Chrome/23.0.1271.97 Safari/537.11"
198.72.141.45 - - [28/Dec/2012:06:56:21 +0000] "GET /blog/ HTTP/1.1" 302 351 "-" "Mozilla/5.0 (Windows NT 6.1; WOW64) AppleWebKit/537.11 (KHTML, like Gecko) Chrome/23.0.1271.97 Safari/537.11"
198.72.141.45 - - [28/Dec/2012:06:56:21 +0000] "GET /blog/wp-admin/install.php HTTP/1.1" 200 1799 "-" "Mozilla/5.0 (Windows NT 6.1; WOW64) AppleWebKit/537.11 (KHTML, like Gecko) Chrome/23.0.1271.97 Safari/537.11"
198.72.141.45 - - [28/Dec/2012:06:56:21 +0000] "GET /blog/wp-includes/css/buttons.min.css?ver=3.5 HTTP/1.1" 200 1626 "http://citypackr.com/blog/wp-admin/install.php" "Mozilla/5.0 (Windows NT 6.1; WOW64) AppleWebKit/537.11 (KHTML, like Gecko) Chrome/23.0.1271.97 Safari/537.11"
198.72.141.45 - - [28/Dec/2012:06:56:21 +0000] "GET /blog/wp-admin/css/install.min.css?ver=3.5 HTTP/1.1" 200 1562 "http://citypackr.com/blog/wp-admin/install.php" "Mozilla/5.0 (Windows NT 6.1; WOW64) AppleWebKit/537.11 (KHTML, like Gecko) Chrome/23.0.1271.97 Safari/537.11"
198.72.141.45 - - [28/Dec/2012:06:56:21 +0000] "GET /blog/wp-admin/js/user-profile.min.js?ver=3.5 HTTP/1.1" 200 1002 "http://citypackr.com/blog/wp-admin/install.php" "Mozilla/5.0 (Windows NT 6.1; WOW64) AppleWebKit/537.11 (KHTML, like Gecko) Chrome/23.0.1271.97 Safari/537.11"
198.72.141.45 - - [28/Dec/2012:06:56:21 +0000] "GET /blog/wp-admin/js/password-strength-meter.min.js?ver=3.5 HTTP/1.1" 200 589 "http://citypackr.com/blog/wp-admin/install.php" "Mozilla/5.0 (Windows NT 6.1; WOW64) AppleWebKit/537.11 (KHTML, like Gecko) Chrome/23.0.1271.97 Safari/537.11"
198.72.141.45 - - [28/Dec/2012:06:56:21 +0000] "GET /blog/wp-includes/js/jquery/jquery.js?ver=1.8.3 HTTP/1.1" 200 33799 "http://citypackr.com/blog/wp-admin/install.php" "Mozilla/5.0 (Windows NT 6.1; WOW64) AppleWebKit/537.11 (KHTML, like Gecko) Chrome/23.0.1271.97 Safari/537.11"
198.72.141.45 - - [28/Dec/2012:06:56:21 +0000] "GET /blog/wp-admin/images/wordpress-logo.png?ver=20120216 HTTP/1.1" 200 2772 "http://citypackr.com/blog/wp-admin/install.php" "Mozilla/5.0 (Windows NT 6.1; WOW64) AppleWebKit/537.11 (KHTML, like Gecko) Chrome/23.0.1271.97 Safari/537.11"
198.72.141.45 - - [28/Dec/2012:06:56:22 +0000] "GET /favicon.ico HTTP/1.1" 404 503 "-" "Mozilla/5.0 (Windows NT 6.1; WOW64) AppleWebKit/537.11 (KHTML, like Gecko) Chrome/23.0.1271.97 Safari/537.11"
198.72.141.45 - - [28/Dec/2012:06:56:58 +0000] "POST /blog/wp-admin/install.php?step=2 HTTP/1.1" 200 1084 "http://citypackr.com/blog/wp-admin/install.php" "Mozilla/5.0 (Windows NT 6.1; WOW64) AppleWebKit/537.11 (KHTML, like Gecko) Chrome/23.0.1271.97 Safari/537.11"
198.72.141.45 - - [28/Dec/2012:06:58:01 +0000] "GET /favicon.ico HTTP/1.1" 404 503 "-" "Mozilla/5.0 (Windows NT 6.1; WOW64) AppleWebKit/537.11 (KHTML, like Gecko) Chrome/23.0.1271.97 Safari/537.11"
198.72.141.45 - - [28/Dec/2012:06:58:30 +0000] "GET /blog/wp-login.php HTTP/1.1" 200 1475 "http://citypackr.com/blog/wp-admin/install.php?step=2" "Mozilla/5.0 (Windows NT 6.1; WOW64) AppleWebKit/537.11 (KHTML, like Gecko) Chrome/23.0.1271.97 Safari/537.11"
198.72.141.45 - - [28/Dec/2012:06:58:30 +0000] "GET /blog/wp-admin/css/wp-admin.min.css?ver=3.5 HTTP/1.1" 200 24192 "http://citypackr.com/blog/wp-login.php" "Mozilla/5.0 (Windows NT 6.1; WOW64) AppleWebKit/537.11 (KHTML, like Gecko) Chrome/23.0.1271.97 Safari/537.11"
198.72.141.45 - - [28/Dec/2012:06:58:30 +0000] "GET /blog/wp-admin/css/colors-fresh.min.css?ver=3.5 HTTP/1.1" 200 6967 "http://citypackr.com/blog/wp-login.php" "Mozilla/5.0 (Windows NT 6.1; WOW64) AppleWebKit/537.11 (KHTML, like Gecko) Chrome/23.0.1271.97 Safari/537.11"
198.72.141.45 - - [28/Dec/2012:06:58:30 +0000] "GET /favicon.ico HTTP/1.1" 404 503 "-" "Mozilla/5.0 (Windows NT 6.1; WOW64) AppleWebKit/537.11 (KHTML, like Gecko) Chrome/23.0.1271.97 Safari/537.11"
184.106.199.139 - - [28/Dec/2012:06:58:42 +0000] "POST /blog/wp-cron.php?doing_wp_cron=1356677922.7478210926055908203125 HTTP/1.0" 200 208 "-" "WordPress/3.5; http://citypackr.com/blog"
198.72.141.45 - - [28/Dec/2012:06:58:42 +0000] "POST /blog/wp-login.php HTTP/1.1" 302 988 "http://citypackr.com/blog/wp-login.php" "Mozilla/5.0 (Windows NT 6.1; WOW64) AppleWebKit/537.11 (KHTML, like Gecko) Chrome/23.0.1271.97 Safari/537.11"
198.72.141.45 - - [28/Dec/2012:06:58:43 +0000] "GET /blog/wp-admin/ HTTP/1.1" 200 15261 "http://citypackr.com/blog/wp-login.php" "Mozilla/5.0 (Windows NT 6.1; WOW64) AppleWebKit/537.11 (KHTML, like Gecko) Chrome/23.0.1271.97 Safari/537.11"
198.72.141.45 - - [28/Dec/2012:06:58:44 +0000] "GET /blog/wp-admin/load-styles.php?c=0&dir=ltr&load=admin-bar,wp-admin,buttons&ver=3.5 HTTP/1.1" 200 27176 "http://citypackr.com/blog/wp-admin/" "Mozilla/5.0 (Windows NT 6.1; WOW64) AppleWebKit/537.11 (KHTML, like Gecko) Chrome/23.0.1271.97 Safari/537.11"
198.72.141.45 - - [28/Dec/2012:06:58:44 +0000] "GET /blog/wp-includes/js/thickbox/thickbox.css?ver=20121105 HTTP/1.1" 200 1506 "http://citypackr.com/blog/wp-admin/" "Mozilla/5.0 (Windows NT 6.1; WOW64) AppleWebKit/537.11 (KHTML, like Gecko) Chrome/23.0.1271.97 Safari/537.11"
198.72.141.45 - - [28/Dec/2012:06:58:44 +0000] "GET /blog/wp-admin/load-scripts.php?c=0&load[]=jquery,utils,json2&ver=3.5 HTTP/1.1" 200 35705 "http://citypackr.com/blog/wp-admin/" "Mozilla/5.0 (Windows NT 6.1; WOW64) AppleWebKit/537.11 (KHTML, like Gecko) Chrome/23.0.1271.97 Safari/537.11"
198.72.141.45 - - [28/Dec/2012:06:58:44 +0000] "GET /blog/wp-includes/css/editor.min.css?ver=3.5 HTTP/1.1" 200 8079 "http://citypackr.com/blog/wp-admin/" "Mozilla/5.0 (Windows NT 6.1; WOW64) AppleWebKit/537.11 (KHTML, like Gecko) Chrome/23.0.1271.97 Safari/537.11"
198.72.141.45 - - [28/Dec/2012:06:58:44 +0000] "GET /blog/wp-admin/load-styles.php?c=0&dir=ltr&load=media-views,wp-jquery-ui-dialog&ver=3.5 HTTP/1.1" 200 5854 "http://citypackr.com/blog/wp-admin/" "Mozilla/5.0 (Windows NT 6.1; WOW64) AppleWebKit/537.11 (KHTML, like Gecko) Chrome/23.0.1271.97 Safari/537.11"
198.72.141.45 - - [28/Dec/2012:06:58:44 +0000] "GET /blog/wp-admin/images/menu.png?ver=20121105 HTTP/1.1" 200 9458 "http://citypackr.com/blog/wp-admin/" "Mozilla/5.0 (Windows NT 6.1; WOW64) AppleWebKit/537.11 (KHTML, like Gecko) Chrome/23.0.1271.97 Safari/537.11"
198.72.141.45 - - [28/Dec/2012:06:58:44 +0000] "GET /blog/wp-admin/images/menu-shadow.png HTTP/1.1" 200 378 "http://citypackr.com/blog/wp-admin/" "Mozilla/5.0 (Windows NT 6.1; WOW64) AppleWebKit/537.11 (KHTML, like Gecko) Chrome/23.0.1271.97 Safari/537.11"
198.72.141.45 - - [28/Dec/2012:06:58:44 +0000] "GET /blog/wp-admin/images/arrows.png HTTP/1.1" 200 533 "http://citypackr.com/blog/wp-admin/" "Mozilla/5.0 (Windows NT 6.1; WOW64) AppleWebKit/537.11 (KHTML, like Gecko) Chrome/23.0.1271.97 Safari/537.11"
198.72.141.45 - - [28/Dec/2012:06:58:44 +0000] "GET /blog/wp-includes/images/admin-bar-sprite.png?d=20120830 HTTP/1.1" 200 2762 "http://citypackr.com/blog/wp-admin/" "Mozilla/5.0 (Windows NT 6.1; WOW64) AppleWebKit/537.11 (KHTML, like Gecko) Chrome/23.0.1271.97 Safari/537.11"
198.72.141.45 - - [28/Dec/2012:06:58:44 +0000] "GET /blog/wp-admin/load-scripts.php?c=0&load[]=admin-bar,hoverIntent,common,wp-ajax-response,jquery-color,wp-lists,quicktags,jquery-query,admin-comments,jquery-ui-core,jquery-&load[]=ui-widget,jquery-ui-mouse,jquery-ui-sortable,postbox,dashboard,customize-base,customize-loader,thickbox,plugin-install,underscor&load[]=e,shortcode,media-upload,backbone,media-models,plupload,plupload-html5,plupload-flash,plupload-silverlight,plupload-html4,wp-plu&load[]=pload,media-views,media-editor,word-count,jquery-ui-resizable,jquery-ui-draggable,jquery-ui-button,jquery-ui-position,jquery-ui-&load[]=dialog,wpdialogs,wplink,wpdialogs-popup&ver=3.5 HTTP/1.1" 200 106613 "http://citypackr.com/blog/wp-admin/" "Mozilla/5.0 (Windows NT 6.1; WOW64) AppleWebKit/537.11 (KHTML, like Gecko) Chrome/23.0.1271.97 Safari/537.11"
198.72.141.45 - - [28/Dec/2012:06:58:45 +0000] "GET /blog/wp-admin/images/xit.gif HTTP/1.1" 200 472 "http://citypackr.com/blog/wp-admin/" "Mozilla/5.0 (Windows NT 6.1; WOW64) AppleWebKit/537.11 (KHTML, like Gecko) Chrome/23.0.1271.97 Safari/537.11"
198.72.141.45 - - [28/Dec/2012:06:58:45 +0000] "GET /blog/wp-admin/images/welcome-icons.png HTTP/1.1" 200 2444 "http://citypackr.com/blog/wp-admin/" "Mozilla/5.0 (Windows NT 6.1; WOW64) AppleWebKit/537.11 (KHTML, like Gecko) Chrome/23.0.1271.97 Safari/537.11"
198.72.141.45 - - [28/Dec/2012:06:58:45 +0000] "GET /blog/wp-admin/images/icons32.png?ver=20121105 HTTP/1.1" 200 13284 "http://citypackr.com/blog/wp-admin/" "Mozilla/5.0 (Windows NT 6.1; WOW64) AppleWebKit/537.11 (KHTML, like Gecko) Chrome/23.0.1271.97 Safari/537.11"
198.72.141.45 - - [28/Dec/2012:06:58:45 +0000] "GET /blog/wp-admin/images/wpspin_light.gif HTTP/1.1" 200 2485 "http://citypackr.com/blog/wp-admin/" "Mozilla/5.0 (Windows NT 6.1; WOW64) AppleWebKit/537.11 (KHTML, like Gecko) Chrome/23.0.1271.97 Safari/537.11"
198.72.141.45 - - [28/Dec/2012:06:58:45 +0000] "GET /blog/wp-admin/images/media-button.png HTTP/1.1" 200 614 "http://citypackr.com/blog/wp-admin/" "Mozilla/5.0 (Windows NT 6.1; WOW64) AppleWebKit/537.11 (KHTML, like Gecko) Chrome/23.0.1271.97 Safari/537.11"
198.72.141.45 - - [28/Dec/2012:06:58:45 +0000] "GET /blog/wp-includes/js/thickbox/loadingAnimation.gif HTTP/1.1" 200 15532 "http://citypackr.com/blog/wp-admin/" "Mozilla/5.0 (Windows NT 6.1; WOW64) AppleWebKit/537.11 (KHTML, like Gecko) Chrome/23.0.1271.97 Safari/537.11"
184.106.199.139 - - [28/Dec/2012:06:58:45 +0000] "POST /blog/wp-cron.php?doing_wp_cron=1356677925.5652060508728027343750 HTTP/1.0" 200 208 "-" "WordPress/3.5; http://citypackr.com/blog"
198.72.141.45 - - [28/Dec/2012:06:58:45 +0000] "GET /blog/wp-admin/admin-ajax.php?action=wp-compression-test&test=1&1356677796851 HTTP/1.1" 200 1117 "http://citypackr.com/blog/wp-admin/" "Mozilla/5.0 (Windows NT 6.1; WOW64) AppleWebKit/537.11 (KHTML, like Gecko) Chrome/23.0.1271.97 Safari/537.11"
184.106.199.139 - - [28/Dec/2012:06:58:45 +0000] "POST /blog/wp-cron.php?doing_wp_cron=1356677925.6536149978637695312500 HTTP/1.0" 200 208 "-" "WordPress/3.5; http://citypackr.com/blog"
198.72.141.45 - - [28/Dec/2012:06:58:45 +0000] "GET /blog/wp-admin/admin-ajax.php?action=wp-compression-test&test=no&1356677797384 HTTP/1.1" 200 563 "http://citypackr.com/blog/wp-admin/" "Mozilla/5.0 (Windows NT 6.1; WOW64) AppleWebKit/537.11 (KHTML, like Gecko) Chrome/23.0.1271.97 Safari/537.11"
198.72.141.45 - - [28/Dec/2012:06:58:45 +0000] "GET /blog/wp-admin/admin-ajax.php?action=dashboard-widgets&widget=dashboard_primary HTTP/1.1" 200 1116 "http://citypackr.com/blog/wp-admin/" "Mozilla/5.0 (Windows NT 6.1; WOW64) AppleWebKit/537.11 (KHTML, like Gecko) Chrome/23.0.1271.97 Safari/537.11"
198.72.141.45 - - [28/Dec/2012:06:58:46 +0000] "GET /favicon.ico HTTP/1.1" 404 503 "-" "Mozilla/5.0 (Windows NT 6.1; WOW64) AppleWebKit/537.11 (KHTML, like Gecko) Chrome/23.0.1271.97 Safari/537.11"
198.72.141.45 - - [28/Dec/2012:06:58:45 +0000] "GET /blog/wp-admin/admin-ajax.php?action=dashboard-widgets&widget=dashboard_incoming_links HTTP/1.1" 200 756 "http://citypackr.com/blog/wp-admin/" "Mozilla/5.0 (Windows NT 6.1; WOW64) AppleWebKit/537.11 (KHTML, like Gecko) Chrome/23.0.1271.97 Safari/537.11"
198.72.141.45 - - [28/Dec/2012:06:58:46 +0000] "GET /blog/wp-admin/admin-ajax.php?action=dashboard-widgets&widget=dashboard_secondary HTTP/1.1" 200 1532 "http://citypackr.com/blog/wp-admin/" "Mozilla/5.0 (Windows NT 6.1; WOW64) AppleWebKit/537.11 (KHTML, like Gecko) Chrome/23.0.1271.97 Safari/537.11"
198.72.141.45 - - [28/Dec/2012:06:58:46 +0000] "GET /blog/wp-admin/admin-ajax.php?action=dashboard-widgets&widget=dashboard_plugins HTTP/1.1" 200 883 "http://citypackr.com/blog/wp-admin/" "Mozilla/5.0 (Windows NT 6.1; WOW64) AppleWebKit/537.11 (KHTML, like Gecko) Chrome/23.0.1271.97 Safari/537.11"
198.72.141.45 - - [28/Dec/2012:06:58:58 +0000] "GET / HTTP/1.1" 302 310 "-" "Mozilla/5.0 (Windows NT 6.1; WOW64) AppleWebKit/537.11 (KHTML, like Gecko) Chrome/23.0.1271.97 Safari/537.11"
198.72.141.45 - - [28/Dec/2012:06:59:03 +0000] "GET /blog/ HTTP/1.1" 200 4193 "-" "Mozilla/5.0 (Windows NT 6.1; WOW64) AppleWebKit/537.11 (KHTML, like Gecko) Chrome/23.0.1271.97 Safari/537.11"
198.72.141.45 - - [28/Dec/2012:06:59:07 +0000] "GET /blog/wp-includes/css/admin-bar.min.css?ver=3.5 HTTP/1.1" 200 2983 "http://citypackr.com/blog/" "Mozilla/5.0 (Windows NT 6.1; WOW64) AppleWebKit/537.11 (KHTML, like Gecko) Chrome/23.0.1271.97 Safari/537.11"
198.72.141.45 - - [28/Dec/2012:06:59:07 +0000] "GET /blog/wp-content/themes/twentytwelve/js/navigation.js?ver=1.0 HTTP/1.1" 200 748 "http://citypackr.com/blog/" "Mozilla/5.0 (Windows NT 6.1; WOW64) AppleWebKit/537.11 (KHTML, like Gecko) Chrome/23.0.1271.97 Safari/537.11"
198.72.141.45 - - [28/Dec/2012:06:59:07 +0000] "GET /blog/wp-includes/js/admin-bar.min.js?ver=3.5 HTTP/1.1" 200 2606 "http://citypackr.com/blog/" "Mozilla/5.0 (Windows NT 6.1; WOW64) AppleWebKit/537.11 (KHTML, like Gecko) Chrome/23.0.1271.97 Safari/537.11"
198.72.141.45 - - [28/Dec/2012:06:59:07 +0000] "GET /blog/wp-content/themes/twentytwelve/style.css?ver=3.5 HTTP/1.1" 200 7972 "http://citypackr.com/blog/" "Mozilla/5.0 (Windows NT 6.1; WOW64) AppleWebKit/537.11 (KHTML, like Gecko) Chrome/23.0.1271.97 Safari/537.11"
198.72.141.45 - - [28/Dec/2012:06:59:10 +0000] "GET /favicon.ico HTTP/1.1" 404 503 "-" "Mozilla/5.0 (Windows NT 6.1; WOW64) AppleWebKit/537.11 (KHTML, like Gecko) Chrome/23.0.1271.97 Safari/537.11"
85.25.108.64 - - [28/Dec/2012:17:24:15 +0000] "GET / HTTP/1.1" 302 273 "-" "Mozilla/4.0 (compatible; MSIE 6.0; Windows 98; Win 9x4.90)"
85.25.108.64 - - [28/Dec/2012:17:24:15 +0000] "GET /blog/ HTTP/1.1" 301 371 "-" "Mozilla/4.0 (compatible; MSIE 6.0; Windows 98; Win 9x4.90)"
85.25.108.64 - - [28/Dec/2012:17:24:16 +0000] "GET /blog/ HTTP/1.1" 200 2575 "-" "Mozilla/4.0 (compatible; MSIE 6.0; Windows 98; Win 9x4.90)"
80.86.88.173 - - [30/Dec/2012:13:16:21 +0000] "GET / HTTP/1.1" 302 273 "-" "Mozilla/4.0 (compatible; MSIE 6.0; Windows 98; Win 9x4.90)"
184.106.199.139 - - [30/Dec/2012:13:16:22 +0000] "POST /blog/wp-cron.php?doing_wp_cron=1356873381.9652650356292724609375 HTTP/1.0" 200 208 "-" "WordPress/3.5; http://citypackr.com/blog"
80.86.88.173 - - [30/Dec/2012:13:16:21 +0000] "GET /blog/ HTTP/1.1" 301 371 "-" "Mozilla/4.0 (compatible; MSIE 6.0; Windows 98; Win 9x4.90)"
80.86.88.173 - - [30/Dec/2012:13:16:22 +0000] "GET /blog/ HTTP/1.1" 200 2575 "-" "Mozilla/4.0 (compatible; MSIE 6.0; Windows 98; Win 9x4.90)"
157.56.229.189 - - [01/Jan/2013:15:33:02 +0000] "GET /robots.txt HTTP/1.1" 404 528 "-" "Mozilla/5.0 (compatible; bingbot/2.0; +http://www.bing.com/bingbot.htm)"
157.56.229.189 - - [01/Jan/2013:15:35:11 +0000] "GET / HTTP/1.1" 302 311 "-" "Mozilla/5.0 (compatible; bingbot/2.0; +http://www.bing.com/bingbot.htm)"
184.106.199.139 - - [01/Jan/2013:15:35:13 +0000] "POST /blog/wp-cron.php?doing_wp_cron=1357054513.2379779815673828125000 HTTP/1.0" 200 208 "-" "WordPress/3.5; http://citypackr.com/blog"
157.56.229.189 - - [01/Jan/2013:15:35:13 +0000] "GET /blog/ HTTP/1.1" 200 2613 "-" "Mozilla/5.0 (compatible; bingbot/2.0; +http://www.bing.com/bingbot.htm)"
208.88.225.65 - - [03/Jan/2013:01:42:43 +0000] "GET / HTTP/1.1" 302 254 "http://www.google.com" "Mozilla/5.0 (compatible; Statsbot/2.1;)"
184.106.199.139 - - [03/Jan/2013:01:42:43 +0000] "POST /blog/wp-cron.php?doing_wp_cron=1357177363.4182379245758056640625 HTTP/1.0" 200 208 "-" "WordPress/3.5; http://citypackr.com/blog"
208.88.225.65 - - [03/Jan/2013:01:42:43 +0000] "GET /blog/ HTTP/1.1" 301 352 "http://www.citypackr.com/" "Mozilla/5.0 (compatible; Statsbot/2.1;)"
208.88.225.65 - - [03/Jan/2013:01:42:43 +0000] "GET /blog/ HTTP/1.1" 200 2556 "http://www.citypackr.com/blog/" "Mozilla/5.0 (compatible; Statsbot/2.1;)"
204.236.220.210 - - [03/Jan/2013:16:41:48 +0000] "HEAD / HTTP/1.1" 302 209 "http://www.netcraft.com/survey/" "Mozilla/4.0 (compatible; Netcraft Web Server Survey)"
199.115.113.98 - - [03/Jan/2013:18:22:37 +0000] "GET /robots.txt HTTP/1.1" 404 490 "-" "Mozilla/4.0 (compatible; MSIE 5.5; Windows NT)"
199.115.113.98 - - [03/Jan/2013:18:22:38 +0000] "GET / HTTP/1.1" 302 228 "-" "Mozilla/4.0 (compatible; MSIE 5.5; Windows NT)"
184.106.199.139 - - [03/Jan/2013:18:22:39 +0000] "POST /blog/wp-cron.php?doing_wp_cron=1357237358.9933800697326660156250 HTTP/1.0" 200 208 "-" "WordPress/3.5; http://citypackr.com/blog"
199.115.113.98 - - [03/Jan/2013:18:22:38 +0000] "GET /blog/ HTTP/1.1" 200 7206 "-" "Mozilla/4.0 (compatible; MSIE 5.5; Windows NT)"
85.25.95.50 - - [04/Jan/2013:02:44:38 +0000] "GET / HTTP/1.1" 302 273 "-" "Mozilla/4.0 (compatible; MSIE 6.0; Windows 98; Win 9x4.90)"
184.106.199.139 - - [04/Jan/2013:02:44:38 +0000] "POST /blog/wp-cron.php?doing_wp_cron=1357267478.9023358821868896484375 HTTP/1.0" 200 208 "-" "WordPress/3.5; http://citypackr.com/blog"
85.25.95.50 - - [04/Jan/2013:02:44:38 +0000] "GET /blog/ HTTP/1.1" 301 371 "-" "Mozilla/4.0 (compatible; MSIE 6.0; Windows 98; Win 9x4.90)"
85.25.95.50 - - [04/Jan/2013:02:44:39 +0000] "GET /blog/ HTTP/1.1" 200 2575 "-" "Mozilla/4.0 (compatible; MSIE 6.0; Windows 98; Win 9x4.90)"
91.222.136.6 - - [04/Jan/2013:10:12:35 +0000] "GET /data/ HTTP/1.1" 404 523 "-" "Mozilla/5.0 (X11; Ubuntu; Linux i686; rv:13.0) Gecko/20100101 Firefox/13.0"
64.246.165.140 - - [05/Jan/2013:08:35:35 +0000] "GET /robots.txt HTTP/1.0" 404 494 "-" "Mozilla/5.0 (Windows; U; Windows NT 5.1; en; rv:1.9.0.13) Gecko/2009073022 Firefox/3.5.2 (.NET CLR 3.5.30729) SurveyBot/2.3 (DomainTools)"
64.246.165.140 - - [05/Jan/2013:08:35:35 +0000] "GET / HTTP/1.1" 302 273 "http://whois.domaintools.com/citypackr.com" "Mozilla/5.0 (Windows; U; Windows NT 5.1; en; rv:1.9.0.13) Gecko/2009073022 Firefox/3.5.2 (.NET CLR 3.5.30729) SurveyBot/2.3 (DomainTools)"
184.106.199.139 - - [05/Jan/2013:08:35:35 +0000] "POST /blog/wp-cron.php?doing_wp_cron=1357374935.7597088813781738281250 HTTP/1.0" 200 208 "-" "WordPress/3.5; http://citypackr.com/blog"
64.246.165.140 - - [05/Jan/2013:08:35:35 +0000] "GET /blog/ HTTP/1.1" 301 371 "http://whois.domaintools.com/citypackr.com" "Mozilla/5.0 (Windows; U; Windows NT 5.1; en; rv:1.9.0.13) Gecko/2009073022 Firefox/3.5.2 (.NET CLR 3.5.30729) SurveyBot/2.3 (DomainTools)"
64.246.165.140 - - [05/Jan/2013:08:35:37 +0000] "GET /blog/ HTTP/1.1" 200 2575 "http://whois.domaintools.com/citypackr.com" "Mozilla/5.0 (Windows; U; Windows NT 5.1; en; rv:1.9.0.13) Gecko/2009073022 Firefox/3.5.2 (.NET CLR 3.5.30729) SurveyBot/2.3 (DomainTools)"
184.106.154.60 - - [06/Jan/2013:14:53:13 +0000] "HEAD / HTTP/1.0" 302 247 "-" "Mozilla/5.0 (Windows; U; Windows NT 5.1)"
184.106.199.139 - - [06/Jan/2013:14:53:17 +0000] "POST /blog/wp-cron.php?doing_wp_cron=1357483997.7550120353698730468750 HTTP/1.0" 200 208 "-" "WordPress/3.5; http://citypackr.com/blog"
184.106.154.60 - - [06/Jan/2013:14:53:17 +0000] "HEAD /blog/ HTTP/1.0" 301 307 "-" "Mozilla/5.0 (Windows; U; Windows NT 5.1)"
184.106.154.60 - - [06/Jan/2013:14:53:18 +0000] "HEAD /blog/ HTTP/1.0" 200 254 "-" "Mozilla/5.0 (Windows; U; Windows NT 5.1)"
184.106.154.60 - - [06/Jan/2013:14:53:18 +0000] "GET / HTTP/1.0" 302 266 "-" "Mozilla/5.0 (Windows; U; Windows NT 5.1)"
184.106.154.60 - - [06/Jan/2013:14:53:18 +0000] "GET /blog/ HTTP/1.0" 301 326 "-" "Mozilla/5.0 (Windows; U; Windows NT 5.1)"
184.106.154.60 - - [06/Jan/2013:14:53:19 +0000] "GET /blog/ HTTP/1.0" 200 7206 "-" "Mozilla/5.0 (Windows; U; Windows NT 5.1)"
38.100.21.62 - - [07/Jan/2013:04:28:49 +0000] "GET / HTTP/1.1" 302 266 "-" "Mozilla/4.0 (compatible; MSIE 7.0; Windows NT 5.2)"
23.22.188.44 - - [07/Jan/2013:18:01:31 +0000] "GET / HTTP/1.0" 302 228 "-" "Mozilla/5.0 (compatible; NetcraftSurveyAgent/1.0; +info@netcraft.com)"
184.106.199.139 - - [07/Jan/2013:18:01:56 +0000] "POST /blog/wp-cron.php?doing_wp_cron=1357581716.5956599712371826171875 HTTP/1.0" 200 208 "-" "WordPress/3.5; http://citypackr.com/blog"
23.22.188.44 - - [07/Jan/2013:18:01:56 +0000] "GET /blog/ HTTP/1.0" 301 326 "-" "Mozilla/5.0 (compatible; NetcraftSurveyAgent/1.0; +info@netcraft.com)"
23.22.188.44 - - [07/Jan/2013:18:02:22 +0000] "GET /blog/ HTTP/1.0" 200 7206 "-" "Mozilla/5.0 (compatible; NetcraftSurveyAgent/1.0; +info@netcraft.com)"
142.11.106.73 - - [08/Jan/2013:22:33:39 +0000] "GET / HTTP/1.1" 302 311 "-" "Mozilla/5.0 (Windows NT 6.1; WOW64) AppleWebKit/537.11 (KHTML, like Gecko) Chrome/23.0.1271.97 Safari/537.11"
184.106.199.139 - - [08/Jan/2013:22:33:40 +0000] "POST /blog/wp-cron.php?doing_wp_cron=1357684419.9557869434356689453125 HTTP/1.0" 200 208 "-" "WordPress/3.5; http://citypackr.com/blog"
142.11.106.73 - - [08/Jan/2013:22:33:39 +0000] "GET /blog/ HTTP/1.1" 200 2612 "-" "Mozilla/5.0 (Windows NT 6.1; WOW64) AppleWebKit/537.11 (KHTML, like Gecko) Chrome/23.0.1271.97 Safari/537.11"
142.11.106.73 - - [08/Jan/2013:22:33:40 +0000] "GET /blog/wp-content/themes/twentytwelve/style.css?ver=3.5 HTTP/1.1" 200 7971 "http://citypackr.com/blog/" "Mozilla/5.0 (Windows NT 6.1; WOW64) AppleWebKit/537.11 (KHTML, like Gecko) Chrome/23.0.1271.97 Safari/537.11"
142.11.106.73 - - [08/Jan/2013:22:33:40 +0000] "GET /blog/wp-content/themes/twentytwelve/js/navigation.js?ver=1.0 HTTP/1.1" 200 748 "http://citypackr.com/blog/" "Mozilla/5.0 (Windows NT 6.1; WOW64) AppleWebKit/537.11 (KHTML, like Gecko) Chrome/23.0.1271.97 Safari/537.11"
142.11.106.73 - - [08/Jan/2013:22:33:41 +0000] "GET /favicon.ico HTTP/1.1" 404 503 "-" "Mozilla/5.0 (Windows NT 6.1; WOW64) AppleWebKit/537.11 (KHTML, like Gecko) Chrome/23.0.1271.97 Safari/537.11"
5.9.35.43 - - [09/Jan/2013:03:58:52 +0000] "GET / HTTP/1.1" 302 209 "-" "Mozilla/3.0 (compatible; Indy Library)"
5.9.35.43 - - [09/Jan/2013:03:58:52 +0000] "GET /blog/ HTTP/1.1" 200 7213 "-" "Mozilla/3.0 (compatible; Indy Library)"
208.88.225.147 - - [09/Jan/2013:06:55:42 +0000] "GET / HTTP/1.1" 302 254 "http://www.google.com" "Mozilla/5.0 (compatible; Statsbot/2.1)"
208.88.225.147 - - [09/Jan/2013:06:55:42 +0000] "GET /blog/ HTTP/1.1" 301 352 "http://www.citypackr.com/" "Mozilla/5.0 (compatible; Statsbot/2.1)"
208.88.225.147 - - [09/Jan/2013:06:55:42 +0000] "GET /blog/ HTTP/1.1" 200 2556 "http://www.citypackr.com/blog/" "Mozilla/5.0 (compatible; Statsbot/2.1)"
5.9.223.248 - - [09/Jan/2013:14:20:30 +0000] "GET / HTTP/1.1" 302 266 "-" "-"
184.106.199.139 - - [09/Jan/2013:14:20:31 +0000] "POST /blog/wp-cron.php?doing_wp_cron=1357741231.2163729667663574218750 HTTP/1.0" 200 208 "-" "WordPress/3.5; http://citypackr.com/blog"
5.9.223.248 - - [09/Jan/2013:14:20:31 +0000] "GET /blog/ HTTP/1.1" 200 7213 "-" "-"
178.33.142.59 - - [11/Jan/2013:13:09:15 +0000] "HEAD / HTTP/1.0" 302 209 "-" "Mozilla/4.0 (compatible; MSIE 8.0; Windows NT 6.0; en) Opera 11.00"
178.33.142.59 - - [11/Jan/2013:13:09:15 +0000] "HEAD blog/ HTTP/1.0" 400 184 "-" "Opera/9.80 (Windows NT 6.1; U; en-US) Presto/2.9.181 Version/12.00"
184.106.199.139 - - [13/Jan/2013:14:30:05 +0000] "POST /blog/wp-cron.php?doing_wp_cron=1358087405.4052278995513916015625 HTTP/1.0" 200 208 "-" "WordPress/3.5; http://citypackr.com/blog"
216.145.5.42 - - [13/Jan/2013:14:30:05 +0000] "GET /blog/?feed=comments-rss2 HTTP/1.1" 200 1822 "" "Mozilla/4.0 (compatible; MSIE 6.0; Windows NT 5.1; SV1)"
178.33.142.53 - - [14/Jan/2013:17:54:40 +0000] "GET / HTTP/1.0" 302 228 "-" "Opera/9.80 (X11; Linux i686; U; en) Presto/2.8.131 Version/11.11"
178.33.142.53 - - [14/Jan/2013:17:54:40 +0000] "GET blog/ HTTP/1.0" 400 510 "-" "Mozilla/5.0 (Windows NT 6.1; WOW64; rv:6.0a2) Gecko/20110613 Firefox/6.0a2"
66.249.73.234 - - [14/Jan/2013:18:47:38 +0000] "GET /robots.txt HTTP/1.1" 404 503 "-" "Mozilla/5.0 (compatible; Googlebot/2.1; +http://www.google.com/bot.html)"
66.249.73.234 - - [14/Jan/2013:18:47:38 +0000] "GET / HTTP/1.1" 302 310 "-" "Mozilla/5.0 (compatible; Googlebot/2.1; +http://www.google.com/bot.html)"
184.106.199.139 - - [14/Jan/2013:18:47:39 +0000] "POST /blog/wp-cron.php?doing_wp_cron=1358189259.0577731132507324218750 HTTP/1.0" 200 208 "-" "WordPress/3.5; http://citypackr.com/blog"
66.249.73.234 - - [14/Jan/2013:18:47:38 +0000] "GET /blog/ HTTP/1.1" 200 2612 "-" "Mozilla/5.0 (compatible; Googlebot/2.1; +http://www.google.com/bot.html)"
66.249.73.152 - - [14/Jan/2013:18:53:31 +0000] "GET /robots.txt HTTP/1.1" 404 507 "-" "Mozilla/5.0 (compatible; Googlebot/2.1; +http://www.google.com/bot.html)"
66.249.73.152 - - [14/Jan/2013:18:53:31 +0000] "GET / HTTP/1.1" 302 310 "-" "Mozilla/5.0 (compatible; Googlebot/2.1; +http://www.google.com/bot.html)"
66.249.73.152 - - [14/Jan/2013:18:53:31 +0000] "GET /blog/ HTTP/1.1" 301 408 "-" "Mozilla/5.0 (compatible; Googlebot/2.1; +http://www.google.com/bot.html)"
184.106.199.139 - - [14/Jan/2013:19:00:44 +0000] "POST /blog/wp-cron.php?doing_wp_cron=1358190044.8865621089935302734375 HTTP/1.0" 200 208 "-" "WordPress/3.5; http://citypackr.com/blog"
66.249.73.234 - - [14/Jan/2013:19:00:44 +0000] "GET /blog/?feed=rss2 HTTP/1.1" 200 1145 "-" "Mozilla/5.0 (compatible; Googlebot/2.1; +http://www.google.com/bot.html)"
66.249.73.234 - - [14/Jan/2013:19:01:51 +0000] "GET /blog/wp-login.php HTTP/1.1" 200 1475 "-" "Mozilla/5.0 (compatible; Googlebot/2.1; +http://www.google.com/bot.html)"
66.249.73.234 - - [14/Jan/2013:19:02:59 +0000] "GET /blog/?p=1 HTTP/1.1" 200 3728 "-" "Mozilla/5.0 (compatible; Googlebot/2.1; +http://www.google.com/bot.html)"
66.249.73.234 - - [14/Jan/2013:19:04:08 +0000] "GET /blog/?cat=1 HTTP/1.1" 200 2674 "-" "Mozilla/5.0 (compatible; Googlebot/2.1; +http://www.google.com/bot.html)"
66.249.73.234 - - [14/Jan/2013:19:05:17 +0000] "GET /blog/?m=201212 HTTP/1.1" 200 2650 "-" "Mozilla/5.0 (compatible; Googlebot/2.1; +http://www.google.com/bot.html)"
66.249.73.234 - - [14/Jan/2013:19:06:27 +0000] "GET /blog/?author=1 HTTP/1.1" 200 2688 "-" "Mozilla/5.0 (compatible; Googlebot/2.1; +http://www.google.com/bot.html)"
66.249.73.234 - - [14/Jan/2013:19:07:39 +0000] "GET /blog/?page_id=2 HTTP/1.1" 200 3508 "-" "Mozilla/5.0 (compatible; Googlebot/2.1; +http://www.google.com/bot.html)"
66.249.73.234 - - [14/Jan/2013:19:09:02 +0000] "GET /blog/?feed=comments-rss2 HTTP/1.1" 200 1081 "-" "Mozilla/5.0 (compatible; Googlebot/2.1; +http://www.google.com/bot.html)"
66.249.73.234 - - [14/Jan/2013:19:15:43 +0000] "GET /blog/?feed=rss2&p=1 HTTP/1.1" 200 1058 "-" "Mozilla/5.0 (compatible; Googlebot/2.1; +http://www.google.com/bot.html)"
66.249.73.234 - - [14/Jan/2013:19:16:50 +0000] "GET /blog HTTP/1.1" 301 556 "-" "Mozilla/5.0 (compatible; Googlebot/2.1; +http://www.google.com/bot.html)"
66.249.73.234 - - [14/Jan/2013:19:18:30 +0000] "GET /blog/wp-admin/ HTTP/1.1" 302 524 "-" "Mozilla/5.0 (compatible; Googlebot/2.1; +http://www.google.com/bot.html)"
66.249.73.234 - - [14/Jan/2013:19:18:31 +0000] "GET /blog/wp-login.php?redirect_to=http%3A%2F%2Fcitypackr.com%2Fblog%2Fwp-admin%2F&reauth=1 HTTP/1.1" 200 3118 "-" "Mozilla/5.0 (compatible; Googlebot/2.1; +http://www.google.com/bot.html)"
66.249.73.234 - - [14/Jan/2013:19:19:53 +0000] "GET /blog/?feed=rss2&cat=1 HTTP/1.1" 200 1162 "-" "Mozilla/5.0 (compatible; Googlebot/2.1; +http://www.google.com/bot.html)"
66.249.73.234 - - [14/Jan/2013:19:21:22 +0000] "GET /blog/?p=1&replytocom=1 HTTP/1.1" 200 3745 "-" "Mozilla/5.0 (compatible; Googlebot/2.1; +http://www.google.com/bot.html)"
66.249.73.234 - - [14/Jan/2013:19:22:53 +0000] "GET /blog/?feed=rss2&author=1 HTTP/1.1" 200 1161 "-" "Mozilla/5.0 (compatible; Googlebot/2.1; +http://www.google.com/bot.html)"
66.249.73.234 - - [14/Jan/2013:19:24:38 +0000] "GET /blog/?feed=rss2&page_id=2 HTTP/1.1" 200 852 "-" "Mozilla/5.0 (compatible; Googlebot/2.1; +http://www.google.com/bot.html)"
38.99.82.191 - - [15/Jan/2013:02:18:36 +0000] "GET /robots.txt HTTP/1.0" 404 465 "-" "Mozilla/4.0 (compatible; MSIE 7.0b; Windows NT 6.0)"
38.99.82.191 - - [15/Jan/2013:02:18:36 +0000] "GET / HTTP/1.0" 302 273 "-" "Mozilla/4.0 (compatible; MSIE 7.0b; Windows NT 6.0)"
38.99.82.191 - - [15/Jan/2013:02:18:36 +0000] "GET /blog/ HTTP/1.0" 200 2575 "-" "Mozilla/4.0 (compatible; MSIE 7.0b; Windows NT 6.0)"
38.99.82.191 - - [15/Jan/2013:02:19:25 +0000] "GET /robots.txt HTTP/1.0" 404 469 "-" "Mozilla/4.0 (compatible; MSIE 7.0b; Windows NT 6.0)"
38.99.82.191 - - [15/Jan/2013:02:19:25 +0000] "GET / HTTP/1.0" 302 273 "-" "Mozilla/4.0 (compatible; MSIE 7.0b; Windows NT 6.0)"
38.99.82.191 - - [15/Jan/2013:02:19:26 +0000] "GET /blog/ HTTP/1.0" 301 371 "-" "Mozilla/4.0 (compatible; MSIE 7.0b; Windows NT 6.0)"
38.99.82.191 - - [15/Jan/2013:02:19:26 +0000] "GET /robots.txt HTTP/1.0" 404 465 "-" "Mozilla/4.0 (compatible; MSIE 7.0b; Windows NT 6.0)"
38.99.82.191 - - [15/Jan/2013:02:19:26 +0000] "GET /blog/ HTTP/1.0" 200 2575 "-" "Mozilla/4.0 (compatible; MSIE 7.0b; Windows NT 6.0)"
38.99.82.191 - - [15/Jan/2013:04:07:04 +0000] "GET /robots.txt HTTP/1.0" 404 465 "-" "Mozilla/4.0 (compatible; MSIE 7.0b; Windows NT 6.0)"
38.99.82.191 - - [15/Jan/2013:04:07:04 +0000] "GET /robots.txt HTTP/1.0" 404 465 "-" "Mozilla/4.0 (compatible; MSIE 7.0b; Windows NT 6.0)"
38.99.82.191 - - [15/Jan/2013:04:07:06 +0000] "GET /blog/wp-content/themes/twentytwelve/style.css?ver=3.5 HTTP/1.0" 200 7934 "-" "Mozilla/4.0 (compatible; MSIE 7.0b; Windows NT 6.0)"
38.99.82.191 - - [15/Jan/2013:04:07:06 +0000] "GET /blog/?feed=comments-rss2 HTTP/1.0" 200 1043 "-" "Mozilla/4.0 (compatible; MSIE 7.0b; Windows NT 6.0)"
38.99.82.191 - - [15/Jan/2013:04:07:16 +0000] "GET /blog/?p=1 HTTP/1.0" 200 3690 "-" "Mozilla/4.0 (compatible; MSIE 7.0b; Windows NT 6.0)"
38.99.82.191 - - [15/Jan/2013:04:10:39 +0000] "GET /blog/?page_id=2 HTTP/1.0" 200 3470 "-" "Mozilla/4.0 (compatible; MSIE 7.0b; Windows NT 6.0)"
38.99.82.191 - - [15/Jan/2013:04:15:38 +0000] "GET /blog/?m=201212 HTTP/1.0" 200 2612 "-" "Mozilla/4.0 (compatible; MSIE 7.0b; Windows NT 6.0)"
38.99.82.191 - - [15/Jan/2013:04:20:55 +0000] "GET /blog/wp-login.php HTTP/1.0" 200 1437 "-" "Mozilla/4.0 (compatible; MSIE 7.0b; Windows NT 6.0)"
38.99.82.191 - - [15/Jan/2013:04:26:21 +0000] "GET /blog/xmlrpc.php HTTP/1.0" 200 294 "-" "Mozilla/4.0 (compatible; MSIE 7.0b; Windows NT 6.0)"
38.99.82.191 - - [15/Jan/2013:04:30:47 +0000] "GET /blog/?cat=1 HTTP/1.0" 200 2636 "-" "Mozilla/4.0 (compatible; MSIE 7.0b; Windows NT 6.0)"
38.99.82.191 - - [15/Jan/2013:04:34:57 +0000] "GET /blog/xmlrpc.php?rsd HTTP/1.0" 200 537 "-" "Mozilla/4.0 (compatible; MSIE 7.0b; Windows NT 6.0)"
38.99.82.191 - - [15/Jan/2013:04:39:40 +0000] "GET /blog/wp-includes/wlwmanifest.xml HTTP/1.0" 200 1313 "-" "Mozilla/4.0 (compatible; MSIE 7.0b; Windows NT 6.0)"
38.99.82.191 - - [15/Jan/2013:04:44:13 +0000] "GET /blog/?feed=rss2 HTTP/1.0" 200 1107 "-" "Mozilla/4.0 (compatible; MSIE 7.0b; Windows NT 6.0)"
38.99.82.191 - - [15/Jan/2013:04:49:40 +0000] "GET /blog/?author=1 HTTP/1.0" 200 2650 "-" "Mozilla/4.0 (compatible; MSIE 7.0b; Windows NT 6.0)"
38.99.82.191 - - [15/Jan/2013:05:59:22 +0000] "GET /robots.txt HTTP/1.0" 404 465 "-" "Mozilla/4.0 (compatible; MSIE 7.0b; Windows NT 6.0)"
38.99.82.191 - - [15/Jan/2013:05:59:22 +0000] "GET /robots.txt HTTP/1.0" 404 465 "-" "Mozilla/4.0 (compatible; MSIE 7.0b; Windows NT 6.0)"
38.99.82.191 - - [15/Jan/2013:05:59:22 +0000] "GET /blog/?p=1&replytocom=1 HTTP/1.0" 200 3707 "-" "Mozilla/4.0 (compatible; MSIE 7.0b; Windows NT 6.0)"
38.99.82.191 - - [15/Jan/2013:05:59:22 +0000] "GET /blog/xmlrpc.php HTTP/1.0" 200 294 "-" "Mozilla/4.0 (compatible; MSIE 7.0b; Windows NT 6.0)"
38.99.82.191 - - [15/Jan/2013:05:59:25 +0000] "GET /blog/wp-includes/wlwmanifest.xml HTTP/1.0" 200 1313 "-" "Mozilla/4.0 (compatible; MSIE 7.0b; Windows NT 6.0)"
38.99.82.191 - - [15/Jan/2013:06:03:04 +0000] "GET /blog/?feed=comments-rss2 HTTP/1.0" 200 1043 "-" "Mozilla/4.0 (compatible; MSIE 7.0b; Windows NT 6.0)"
38.99.82.191 - - [15/Jan/2013:06:07:10 +0000] "GET /blog/xmlrpc.php?rsd HTTP/1.0" 200 537 "-" "Mozilla/4.0 (compatible; MSIE 7.0b; Windows NT 6.0)"
38.99.82.191 - - [15/Jan/2013:06:12:00 +0000] "GET /blog/?feed=rss2&cat=1 HTTP/1.0" 200 1124 "-" "Mozilla/4.0 (compatible; MSIE 7.0b; Windows NT 6.0)"
38.99.82.191 - - [15/Jan/2013:06:16:27 +0000] "GET /blog/?feed=rss2&p=1 HTTP/1.0" 200 1020 "-" "Mozilla/4.0 (compatible; MSIE 7.0b; Windows NT 6.0)"
38.99.82.191 - - [15/Jan/2013:06:20:21 +0000] "GET /blog/wp-content/themes/twentytwelve/style.css?ver=3.5 HTTP/1.0" 200 7934 "-" "Mozilla/4.0 (compatible; MSIE 7.0b; Windows NT 6.0)"
38.99.82.191 - - [15/Jan/2013:06:23:59 +0000] "GET /blog/?feed=rss2 HTTP/1.0" 200 1107 "-" "Mozilla/4.0 (compatible; MSIE 7.0b; Windows NT 6.0)"
38.99.82.191 - - [15/Jan/2013:06:28:21 +0000] "GET /blog/wp-admin/ HTTP/1.0" 302 486 "-" "Mozilla/4.0 (compatible; MSIE 7.0b; Windows NT 6.0)"
38.99.82.191 - - [15/Jan/2013:06:28:21 +0000] "GET /blog/wp-login.php?redirect_to=http%3A%2F%2Fcitypackr.com%2Fblog%2Fwp-admin%2F&reauth=1 HTTP/1.0" 200 3081 "-" "Mozilla/4.0 (compatible; MSIE 7.0b; Windows NT 6.0)"
38.99.82.191 - - [15/Jan/2013:06:33:02 +0000] "GET /blog/wp-login.php?action=lostpassword HTTP/1.0" 200 1357 "-" "Mozilla/4.0 (compatible; MSIE 7.0b; Windows NT 6.0)"
38.99.82.191 - - [15/Jan/2013:06:37:27 +0000] "GET /blog/wp-includes/css/buttons.min.css?ver=3.5 HTTP/1.0" 200 1589 "-" "Mozilla/4.0 (compatible; MSIE 7.0b; Windows NT 6.0)"
38.99.82.191 - - [15/Jan/2013:06:42:18 +0000] "GET /blog/wp-admin/css/wp-admin.min.css?ver=3.5 HTTP/1.0" 200 24155 "-" "Mozilla/4.0 (compatible; MSIE 7.0b; Windows NT 6.0)"
38.99.82.191 - - [15/Jan/2013:06:46:06 +0000] "GET /blog/wp-admin/css/colors-fresh.min.css?ver=3.5 HTTP/1.0" 200 6929 "-" "Mozilla/4.0 (compatible; MSIE 7.0b; Windows NT 6.0)"
38.99.82.191 - - [15/Jan/2013:06:50:05 +0000] "GET /blog/?feed=rss2&author=1 HTTP/1.0" 200 1123 "-" "Mozilla/4.0 (compatible; MSIE 7.0b; Windows NT 6.0)"
38.99.82.191 - - [15/Jan/2013:06:53:48 +0000] "GET /blog/?feed=rss2&page_id=2 HTTP/1.0" 200 814 "-" "Mozilla/4.0 (compatible; MSIE 7.0b; Windows NT 6.0)"
38.99.82.191 - - [15/Jan/2013:07:40:56 +0000] "GET /robots.txt HTTP/1.0" 404 465 "-" "Mozilla/4.0 (compatible; MSIE 7.0b; Windows NT 6.0)"
38.99.82.191 - - [15/Jan/2013:07:40:58 +0000] "GET /blog/wp-includes/wlwmanifest.xml HTTP/1.0" 200 1313 "-" "Mozilla/4.0 (compatible; MSIE 7.0b; Windows NT 6.0)"
184.106.199.139 - - [15/Jan/2013:07:40:58 +0000] "POST /blog/wp-cron.php?doing_wp_cron=1358235658.7974450588226318359375 HTTP/1.0" 200 208 "-" "WordPress/3.5; http://citypackr.com/blog"
38.99.82.191 - - [15/Jan/2013:07:40:58 +0000] "GET /blog/?feed=rss2&cat=1 HTTP/1.0" 200 1124 "-" "Mozilla/4.0 (compatible; MSIE 7.0b; Windows NT 6.0)"
38.99.82.191 - - [15/Jan/2013:07:41:03 +0000] "GET /blog/xmlrpc.php?rsd HTTP/1.0" 200 537 "-" "Mozilla/4.0 (compatible; MSIE 7.0b; Windows NT 6.0)"
38.99.82.191 - - [15/Jan/2013:07:41:12 +0000] "GET /blog/wp-content/themes/twentytwelve/style.css?ver=3.5 HTTP/1.0" 200 7934 "-" "Mozilla/4.0 (compatible; MSIE 7.0b; Windows NT 6.0)"
38.99.82.191 - - [15/Jan/2013:07:42:55 +0000] "GET /blog/wp-admin/css/colors-fresh.min.css?ver=3.5 HTTP/1.0" 200 6929 "-" "Mozilla/4.0 (compatible; MSIE 7.0b; Windows NT 6.0)"
38.99.82.191 - - [15/Jan/2013:07:45:13 +0000] "GET /blog/?feed=rss2 HTTP/1.0" 200 1107 "-" "Mozilla/4.0 (compatible; MSIE 7.0b; Windows NT 6.0)"
38.99.82.191 - - [15/Jan/2013:07:46:53 +0000] "GET /blog/wp-includes/css/buttons.min.css?ver=3.5 HTTP/1.0" 200 1589 "-" "Mozilla/4.0 (compatible; MSIE 7.0b; Windows NT 6.0)"
38.99.82.191 - - [15/Jan/2013:07:48:42 +0000] "GET /blog/?feed=rss2&page_id=2 HTTP/1.0" 200 814 "-" "Mozilla/4.0 (compatible; MSIE 7.0b; Windows NT 6.0)"
38.99.82.191 - - [15/Jan/2013:07:50:41 +0000] "GET /blog/?feed=comments-rss2 HTTP/1.0" 200 1043 "-" "Mozilla/4.0 (compatible; MSIE 7.0b; Windows NT 6.0)"
38.99.82.191 - - [15/Jan/2013:07:52:34 +0000] "GET /blog/?feed=rss2&p=1 HTTP/1.0" 200 1020 "-" "Mozilla/4.0 (compatible; MSIE 7.0b; Windows NT 6.0)"
38.99.82.191 - - [15/Jan/2013:07:54:40 +0000] "GET /blog/xmlrpc.php HTTP/1.0" 200 294 "-" "Mozilla/4.0 (compatible; MSIE 7.0b; Windows NT 6.0)"
38.99.82.191 - - [15/Jan/2013:07:56:59 +0000] "GET /blog/?feed=rss2&author=1 HTTP/1.0" 200 1123 "-" "Mozilla/4.0 (compatible; MSIE 7.0b; Windows NT 6.0)"
38.99.82.191 - - [15/Jan/2013:07:59:25 +0000] "GET /blog/wp-admin/css/wp-admin.min.css?ver=3.5 HTTP/1.0" 200 24155 "-" "Mozilla/4.0 (compatible; MSIE 7.0b; Windows NT 6.0)"
66.249.73.234 - - [15/Jan/2013:08:01:23 +0000] "GET /robots.txt HTTP/1.1" 404 503 "-" "Mozilla/5.0 (compatible; Googlebot/2.1; +http://www.google.com/bot.html)"
38.99.82.191 - - [15/Jan/2013:09:40:16 +0000] "GET /robots.txt HTTP/1.0" 404 465 "-" "Mozilla/4.0 (compatible; MSIE 7.0b; Windows NT 6.0)"
38.99.82.191 - - [15/Jan/2013:09:40:16 +0000] "GET /robots.txt HTTP/1.0" 404 465 "-" "Mozilla/4.0 (compatible; MSIE 7.0b; Windows NT 6.0)"
38.99.82.191 - - [15/Jan/2013:09:40:16 +0000] "GET /blog/xmlrpc.php?rsd HTTP/1.0" 200 537 "-" "Mozilla/4.0 (compatible; MSIE 7.0b; Windows NT 6.0)"
38.99.82.191 - - [15/Jan/2013:09:40:16 +0000] "GET /blog/?feed=rss2&cat=1 HTTP/1.0" 200 1124 "-" "Mozilla/4.0 (compatible; MSIE 7.0b; Windows NT 6.0)"
38.99.82.191 - - [15/Jan/2013:09:40:21 +0000] "GET /blog/wp-admin/css/colors-fresh.min.css?ver=3.5 HTTP/1.0" 200 6929 "-" "Mozilla/4.0 (compatible; MSIE 7.0b; Windows NT 6.0)"
38.99.82.191 - - [15/Jan/2013:09:40:21 +0000] "GET /blog/wp-admin/css/wp-admin.min.css?ver=3.5 HTTP/1.0" 200 24155 "-" "Mozilla/4.0 (compatible; MSIE 7.0b; Windows NT 6.0)"
38.99.82.191 - - [15/Jan/2013:09:40:24 +0000] "GET /blog/wp-content/themes/twentytwelve/style.css?ver=3.5 HTTP/1.0" 200 7934 "-" "Mozilla/4.0 (compatible; MSIE 7.0b; Windows NT 6.0)"
38.99.82.191 - - [15/Jan/2013:09:40:24 +0000] "GET /blog/wp-includes/wlwmanifest.xml HTTP/1.0" 200 1313 "-" "Mozilla/4.0 (compatible; MSIE 7.0b; Windows NT 6.0)"
38.99.82.191 - - [15/Jan/2013:09:40:28 +0000] "GET /blog/?feed=rss2&p=1 HTTP/1.0" 200 1020 "-" "Mozilla/4.0 (compatible; MSIE 7.0b; Windows NT 6.0)"
38.99.82.191 - - [15/Jan/2013:09:40:28 +0000] "GET /blog/?feed=comments-rss2 HTTP/1.0" 200 1043 "-" "Mozilla/4.0 (compatible; MSIE 7.0b; Windows NT 6.0)"
38.99.82.191 - - [15/Jan/2013:09:40:42 +0000] "GET /blog/?feed=rss2&author=1 HTTP/1.0" 200 1123 "-" "Mozilla/4.0 (compatible; MSIE 7.0b; Windows NT 6.0)"
38.99.82.191 - - [15/Jan/2013:09:40:52 +0000] "GET /blog/?feed=rss2&page_id=2 HTTP/1.0" 200 814 "-" "Mozilla/4.0 (compatible; MSIE 7.0b; Windows NT 6.0)"
38.99.82.191 - - [15/Jan/2013:09:41:00 +0000] "GET /blog/?feed=rss2 HTTP/1.0" 200 1107 "-" "Mozilla/4.0 (compatible; MSIE 7.0b; Windows NT 6.0)"
38.99.82.191 - - [15/Jan/2013:09:41:10 +0000] "GET /blog/wp-includes/css/buttons.min.css?ver=3.5 HTTP/1.0" 200 1589 "-" "Mozilla/4.0 (compatible; MSIE 7.0b; Windows NT 6.0)"
38.99.82.191 - - [15/Jan/2013:09:41:20 +0000] "GET /blog/xmlrpc.php HTTP/1.0" 200 294 "-" "Mozilla/4.0 (compatible; MSIE 7.0b; Windows NT 6.0)"
31.202.231.5 - - [15/Jan/2013:11:25:11 +0000] "POST /wp-login.php HTTP/1.0" 404 530 "http:///wp-login.php" "Mozilla/4.0 (compatible; MSIE 6.0; Windows NT 5.1; SV1; EmbeddedWB 14.52 from: http://www.bsalsa.com/ EmbeddedWB 14,52; .NET CLR 1.1.4322; .NET CLR 2.0.50727; .NET CLR 3.0.04506.648; .NET CLR 3.5.21022)"
38.99.82.191 - - [15/Jan/2013:11:50:37 +0000] "GET /robots.txt HTTP/1.0" 404 465 "-" "Mozilla/4.0 (compatible; MSIE 7.0b; Windows NT 6.0)"
38.99.82.191 - - [15/Jan/2013:11:50:37 +0000] "GET /robots.txt HTTP/1.0" 404 465 "-" "Mozilla/4.0 (compatible; MSIE 7.0b; Windows NT 6.0)"
38.99.82.191 - - [15/Jan/2013:11:50:37 +0000] "GET /blog/wp-includes/wlwmanifest.xml HTTP/1.0" 200 1313 "-" "Mozilla/4.0 (compatible; MSIE 7.0b; Windows NT 6.0)"
38.99.82.191 - - [15/Jan/2013:11:50:37 +0000] "GET /blog/wp-includes/css/buttons.min.css?ver=3.5 HTTP/1.0" 200 1589 "-" "Mozilla/4.0 (compatible; MSIE 7.0b; Windows NT 6.0)"
38.99.82.191 - - [15/Jan/2013:11:50:40 +0000] "GET /blog/wp-admin/css/colors-fresh.min.css?ver=3.5 HTTP/1.0" 200 6929 "-" "Mozilla/4.0 (compatible; MSIE 7.0b; Windows NT 6.0)"
38.99.82.191 - - [15/Jan/2013:11:50:40 +0000] "GET /blog/xmlrpc.php?rsd HTTP/1.0" 200 537 "-" "Mozilla/4.0 (compatible; MSIE 7.0b; Windows NT 6.0)"
38.99.82.191 - - [15/Jan/2013:11:50:42 +0000] "GET /blog/wp-admin/css/wp-admin.min.css?ver=3.5 HTTP/1.0" 200 24155 "-" "Mozilla/4.0 (compatible; MSIE 7.0b; Windows NT 6.0)"
38.99.82.191 - - [15/Jan/2013:11:50:45 +0000] "GET /blog/wp-content/themes/twentytwelve/style.css?ver=3.5 HTTP/1.0" 200 7934 "-" "Mozilla/4.0 (compatible; MSIE 7.0b; Windows NT 6.0)"
38.99.82.191 - - [15/Jan/2013:11:50:45 +0000] "GET /blog/?feed=rss2&author=1 HTTP/1.0" 200 1123 "-" "Mozilla/4.0 (compatible; MSIE 7.0b; Windows NT 6.0)"
38.99.82.191 - - [15/Jan/2013:11:50:47 +0000] "GET /blog/?feed=rss2&p=1 HTTP/1.0" 200 1020 "-" "Mozilla/4.0 (compatible; MSIE 7.0b; Windows NT 6.0)"
38.99.82.191 - - [15/Jan/2013:11:50:47 +0000] "GET /blog/xmlrpc.php HTTP/1.0" 200 294 "-" "Mozilla/4.0 (compatible; MSIE 7.0b; Windows NT 6.0)"
38.99.82.191 - - [15/Jan/2013:11:50:50 +0000] "GET /blog/?feed=rss2&page_id=2 HTTP/1.0" 200 814 "-" "Mozilla/4.0 (compatible; MSIE 7.0b; Windows NT 6.0)"
38.99.82.191 - - [15/Jan/2013:11:50:50 +0000] "GET /blog/?feed=rss2 HTTP/1.0" 200 1107 "-" "Mozilla/4.0 (compatible; MSIE 7.0b; Windows NT 6.0)"
38.99.82.191 - - [15/Jan/2013:11:50:53 +0000] "GET /blog/?feed=comments-rss2 HTTP/1.0" 200 1043 "-" "Mozilla/4.0 (compatible; MSIE 7.0b; Windows NT 6.0)"
38.99.82.191 - - [15/Jan/2013:11:50:53 +0000] "GET /blog/?feed=rss2&cat=1 HTTP/1.0" 200 1124 "-" "Mozilla/4.0 (compatible; MSIE 7.0b; Windows NT 6.0)"
38.99.82.226 - - [15/Jan/2013:13:58:19 +0000] "GET /robots.txt HTTP/1.0" 404 465 "-" "Mozilla/4.0 (compatible; MSIE 7.0b; Windows NT 6.0)"
38.99.82.226 - - [15/Jan/2013:13:58:19 +0000] "GET /robots.txt HTTP/1.0" 404 465 "-" "Mozilla/4.0 (compatible; MSIE 7.0b; Windows NT 6.0)"
38.99.82.226 - - [15/Jan/2013:13:58:19 +0000] "GET /blog/wp-admin/css/colors-fresh.min.css?ver=3.5 HTTP/1.0" 200 6929 "-" "Mozilla/4.0 (compatible; MSIE 7.0b; Windows NT 6.0)"
38.99.82.226 - - [15/Jan/2013:13:58:19 +0000] "GET /blog/?feed=rss2&p=1 HTTP/1.0" 200 1020 "-" "Mozilla/4.0 (compatible; MSIE 7.0b; Windows NT 6.0)"
38.99.82.226 - - [15/Jan/2013:13:58:24 +0000] "GET /blog/wp-includes/css/buttons.min.css?ver=3.5 HTTP/1.0" 200 1589 "-" "Mozilla/4.0 (compatible; MSIE 7.0b; Windows NT 6.0)"
38.99.82.226 - - [15/Jan/2013:13:58:24 +0000] "GET /blog/?feed=rss2&author=1 HTTP/1.0" 200 1123 "-" "Mozilla/4.0 (compatible; MSIE 7.0b; Windows NT 6.0)"
38.99.82.226 - - [15/Jan/2013:13:58:28 +0000] "GET /blog/?feed=rss2 HTTP/1.0" 200 1107 "-" "Mozilla/4.0 (compatible; MSIE 7.0b; Windows NT 6.0)"
38.99.82.226 - - [15/Jan/2013:13:58:29 +0000] "GET /blog/xmlrpc.php?rsd HTTP/1.0" 200 537 "-" "Mozilla/4.0 (compatible; MSIE 7.0b; Windows NT 6.0)"
38.99.82.226 - - [15/Jan/2013:13:58:31 +0000] "GET /blog/?feed=rss2&page_id=2 HTTP/1.0" 200 814 "-" "Mozilla/4.0 (compatible; MSIE 7.0b; Windows NT 6.0)"
38.99.82.226 - - [15/Jan/2013:13:58:31 +0000] "GET /blog/xmlrpc.php HTTP/1.0" 200 294 "-" "Mozilla/4.0 (compatible; MSIE 7.0b; Windows NT 6.0)"
38.99.82.226 - - [15/Jan/2013:13:58:34 +0000] "GET /blog/wp-content/themes/twentytwelve/style.css?ver=3.5 HTTP/1.0" 200 7934 "-" "Mozilla/4.0 (compatible; MSIE 7.0b; Windows NT 6.0)"
38.99.82.226 - - [15/Jan/2013:13:58:34 +0000] "GET /blog/?feed=comments-rss2 HTTP/1.0" 200 1043 "-" "Mozilla/4.0 (compatible; MSIE 7.0b; Windows NT 6.0)"
38.99.82.226 - - [15/Jan/2013:13:58:37 +0000] "GET /blog/wp-admin/css/wp-admin.min.css?ver=3.5 HTTP/1.0" 200 24155 "-" "Mozilla/4.0 (compatible; MSIE 7.0b; Windows NT 6.0)"
38.99.82.226 - - [15/Jan/2013:13:58:37 +0000] "GET /blog/?feed=rss2&cat=1 HTTP/1.0" 200 1124 "-" "Mozilla/4.0 (compatible; MSIE 7.0b; Windows NT 6.0)"
38.99.82.226 - - [15/Jan/2013:13:58:41 +0000] "GET /blog/wp-includes/wlwmanifest.xml HTTP/1.0" 200 1313 "-" "Mozilla/4.0 (compatible; MSIE 7.0b; Windows NT 6.0)"
38.99.82.226 - - [15/Jan/2013:16:25:54 +0000] "GET /robots.txt HTTP/1.0" 404 465 "-" "Mozilla/4.0 (compatible; MSIE 7.0b; Windows NT 6.0)"
38.99.82.226 - - [15/Jan/2013:16:25:54 +0000] "GET /robots.txt HTTP/1.0" 404 465 "-" "Mozilla/4.0 (compatible; MSIE 7.0b; Windows NT 6.0)"
38.99.82.226 - - [15/Jan/2013:16:25:54 +0000] "GET /blog/wp-admin/css/colors-fresh.min.css?ver=3.5 HTTP/1.0" 200 6929 "-" "Mozilla/4.0 (compatible; MSIE 7.0b; Windows NT 6.0)"
38.99.82.226 - - [15/Jan/2013:16:25:54 +0000] "GET /blog/wp-includes/css/buttons.min.css?ver=3.5 HTTP/1.0" 200 1589 "-" "Mozilla/4.0 (compatible; MSIE 7.0b; Windows NT 6.0)"
38.99.82.226 - - [15/Jan/2013:16:25:56 +0000] "GET /blog/?feed=rss2 HTTP/1.0" 200 1107 "-" "Mozilla/4.0 (compatible; MSIE 7.0b; Windows NT 6.0)"
38.99.82.226 - - [15/Jan/2013:16:25:56 +0000] "GET /blog/xmlrpc.php HTTP/1.0" 200 294 "-" "Mozilla/4.0 (compatible; MSIE 7.0b; Windows NT 6.0)"
38.99.82.226 - - [15/Jan/2013:16:25:59 +0000] "GET /blog/?feed=rss2&author=1 HTTP/1.0" 200 1123 "-" "Mozilla/4.0 (compatible; MSIE 7.0b; Windows NT 6.0)"
38.99.82.226 - - [15/Jan/2013:16:25:59 +0000] "GET /blog/?feed=rss2&page_id=2 HTTP/1.0" 200 814 "-" "Mozilla/4.0 (compatible; MSIE 7.0b; Windows NT 6.0)"
38.99.82.226 - - [15/Jan/2013:16:26:01 +0000] "GET /blog/wp-content/themes/twentytwelve/style.css?ver=3.5 HTTP/1.0" 200 7934 "-" "Mozilla/4.0 (compatible; MSIE 7.0b; Windows NT 6.0)"
38.99.82.226 - - [15/Jan/2013:16:26:01 +0000] "GET /blog/xmlrpc.php?rsd HTTP/1.0" 200 537 "-" "Mozilla/4.0 (compatible; MSIE 7.0b; Windows NT 6.0)"
38.99.82.226 - - [15/Jan/2013:16:26:04 +0000] "GET /blog/?feed=rss2&p=1 HTTP/1.0" 200 1020 "-" "Mozilla/4.0 (compatible; MSIE 7.0b; Windows NT 6.0)"
38.99.82.226 - - [15/Jan/2013:16:26:04 +0000] "GET /blog/?feed=comments-rss2 HTTP/1.0" 200 1043 "-" "Mozilla/4.0 (compatible; MSIE 7.0b; Windows NT 6.0)"
38.99.82.226 - - [15/Jan/2013:16:26:06 +0000] "GET /blog/wp-includes/wlwmanifest.xml HTTP/1.0" 200 1313 "-" "Mozilla/4.0 (compatible; MSIE 7.0b; Windows NT 6.0)"
38.99.82.226 - - [15/Jan/2013:16:26:06 +0000] "GET /blog/wp-admin/css/wp-admin.min.css?ver=3.5 HTTP/1.0" 200 24155 "-" "Mozilla/4.0 (compatible; MSIE 7.0b; Windows NT 6.0)"
38.99.82.226 - - [15/Jan/2013:16:26:08 +0000] "GET /blog/?feed=rss2&cat=1 HTTP/1.0" 200 1124 "-" "Mozilla/4.0 (compatible; MSIE 7.0b; Windows NT 6.0)"
178.32.77.82 - - [15/Jan/2013:17:57:03 +0000] "GET / HTTP/1.0" 302 228 "-" "Opera/9.80 (X11; Linux i686; U; en) Presto/2.9.168 Version/11.52"
178.32.77.82 - - [15/Jan/2013:17:57:03 +0000] "GET blog/ HTTP/1.0" 400 510 "-" "Mozilla/5.0 (X11; U; OpenBSD arm; en-us) AppleWebKit/531.2+ (KHTML, like Gecko) Safari/531.2+ Epiphany/2.30.0"
38.99.82.191 - - [15/Jan/2013:19:16:22 +0000] "GET /robots.txt HTTP/1.0" 404 465 "-" "Mozilla/4.0 (compatible; MSIE 7.0b; Windows NT 6.0)"
38.99.82.191 - - [15/Jan/2013:19:16:22 +0000] "GET /robots.txt HTTP/1.0" 404 465 "-" "Mozilla/4.0 (compatible; MSIE 7.0b; Windows NT 6.0)"
184.106.199.139 - - [15/Jan/2013:19:16:22 +0000] "POST /blog/wp-cron.php?doing_wp_cron=1358277382.2791359424591064453125 HTTP/1.0" 200 208 "-" "WordPress/3.5; http://citypackr.com/blog"
38.99.82.191 - - [15/Jan/2013:19:16:22 +0000] "GET /blog/?feed=rss2&author=1 HTTP/1.0" 200 1123 "-" "Mozilla/4.0 (compatible; MSIE 7.0b; Windows NT 6.0)"
184.106.199.139 - - [15/Jan/2013:19:16:22 +0000] "POST /blog/wp-cron.php?doing_wp_cron=1358277382.3201360702514648437500 HTTP/1.0" 200 208 "-" "WordPress/3.5; http://citypackr.com/blog"
38.99.82.191 - - [15/Jan/2013:19:16:22 +0000] "GET /blog/xmlrpc.php?rsd HTTP/1.0" 200 537 "-" "Mozilla/4.0 (compatible; MSIE 7.0b; Windows NT 6.0)"
38.99.82.191 - - [15/Jan/2013:19:16:25 +0000] "GET /blog/wp-includes/css/buttons.min.css?ver=3.5 HTTP/1.0" 200 1589 "-" "Mozilla/4.0 (compatible; MSIE 7.0b; Windows NT 6.0)"
38.99.82.191 - - [15/Jan/2013:19:16:25 +0000] "GET /blog/?feed=rss2 HTTP/1.0" 200 1107 "-" "Mozilla/4.0 (compatible; MSIE 7.0b; Windows NT 6.0)"
38.99.82.191 - - [15/Jan/2013:19:16:27 +0000] "GET /blog/wp-admin/css/wp-admin.min.css?ver=3.5 HTTP/1.0" 200 24155 "-" "Mozilla/4.0 (compatible; MSIE 7.0b; Windows NT 6.0)"
38.99.82.191 - - [15/Jan/2013:19:16:27 +0000] "GET /blog/xmlrpc.php HTTP/1.0" 200 294 "-" "Mozilla/4.0 (compatible; MSIE 7.0b; Windows NT 6.0)"
38.99.82.191 - - [15/Jan/2013:19:16:30 +0000] "GET /blog/wp-admin/css/colors-fresh.min.css?ver=3.5 HTTP/1.0" 200 6929 "-" "Mozilla/4.0 (compatible; MSIE 7.0b; Windows NT 6.0)"
38.99.82.191 - - [15/Jan/2013:19:16:30 +0000] "GET /blog/?feed=rss2&page_id=2 HTTP/1.0" 200 814 "-" "Mozilla/4.0 (compatible; MSIE 7.0b; Windows NT 6.0)"
38.99.82.191 - - [15/Jan/2013:19:16:32 +0000] "GET /blog/wp-content/themes/twentytwelve/style.css?ver=3.5 HTTP/1.0" 200 7934 "-" "Mozilla/4.0 (compatible; MSIE 7.0b; Windows NT 6.0)"
38.99.82.191 - - [15/Jan/2013:19:16:32 +0000] "GET /blog/?feed=comments-rss2 HTTP/1.0" 200 1043 "-" "Mozilla/4.0 (compatible; MSIE 7.0b; Windows NT 6.0)"
38.99.82.191 - - [15/Jan/2013:19:16:35 +0000] "GET /blog/?feed=rss2&cat=1 HTTP/1.0" 200 1124 "-" "Mozilla/4.0 (compatible; MSIE 7.0b; Windows NT 6.0)"
38.99.82.191 - - [15/Jan/2013:19:16:38 +0000] "GET /blog/wp-includes/wlwmanifest.xml HTTP/1.0" 200 1313 "-" "Mozilla/4.0 (compatible; MSIE 7.0b; Windows NT 6.0)"
38.99.82.191 - - [15/Jan/2013:19:16:44 +0000] "GET /blog/?feed=rss2&p=1 HTTP/1.0" 200 1020 "-" "Mozilla/4.0 (compatible; MSIE 7.0b; Windows NT 6.0)"
74.53.228.210 - - [15/Jan/2013:20:03:52 +0000] "GET / HTTP/1.1" 302 209 "-" "Mozilla/5.0 (compatible; bingbot/2.0; +http://www.bing.com/bingbot.htm)"
74.53.228.210 - - [15/Jan/2013:20:03:52 +0000] "GET /blog/ HTTP/1.1" 200 7213 "-" "Mozilla/5.0 (compatible; bingbot/2.0; +http://www.bing.com/bingbot.htm)"
38.99.82.191 - - [15/Jan/2013:21:44:08 +0000] "GET /robots.txt HTTP/1.0" 404 465 "-" "Mozilla/4.0 (compatible; MSIE 7.0b; Windows NT 6.0)"
38.99.82.191 - - [15/Jan/2013:21:44:08 +0000] "GET /blog/wp-includes/wlwmanifest.xml HTTP/1.0" 200 1313 "-" "Mozilla/4.0 (compatible; MSIE 7.0b; Windows NT 6.0)"
38.99.82.191 - - [15/Jan/2013:21:44:11 +0000] "GET /blog/?feed=rss2&author=1 HTTP/1.0" 200 1123 "-" "Mozilla/4.0 (compatible; MSIE 7.0b; Windows NT 6.0)"
38.99.82.191 - - [15/Jan/2013:21:44:11 +0000] "GET /blog/xmlrpc.php?rsd HTTP/1.0" 200 537 "-" "Mozilla/4.0 (compatible; MSIE 7.0b; Windows NT 6.0)"
